// Jest Snapshot v1, https://goo.gl/fbAQLP

exports[`Pruebas en <CounterApp /> Debo mostrar <CounterApp /> correctamente 1`] = `
<Fragment>
  <h1>
    CounterApp
  </h1>
  <h2
    id="contador"
  >
    10
  </h2>
  <button
    id="botonADD"
    onClick={[Function]}
  >
    +1
  </button>
  <button
    id="botonRESET"
    onClick={[Function]}
  >
    Reset
  </button>
  <button
    id="botonSUB"
    onClick={[Function]}
  >
    -1
  </button>
</Fragment>
`;
